<?xml version="1.0" encoding="UTF-8"?>
<testsuites name="jest tests" tests="38" failures="0" errors="0" time="20.753">
  <testsuite name="undefined" errors="0" failures="0" skipped="0" timestamp="2022-09-11T15:45:11" time="12.892" tests="5">
    <testcase classname=" check if getAllCategories works" name=" check if getAllCategories works" time="0.243">
    </testcase>
    <testcase classname=" check if getCategoryByID works" name=" check if getCategoryByID works" time="0.077">
    </testcase>
    <testcase classname=" not be null" name=" not be null" time="0.074">
    </testcase>
    <testcase classname=" testing getResources" name=" testing getResources" time="0.965">
    </testcase>
    <testcase classname=" check if invalid category return null" name=" check if invalid category return null" time="0.102">
    </testcase>
  </testsuite>
  <testsuite name="undefined" errors="0" failures="0" skipped="0" timestamp="2022-09-11T15:45:11" time="13.394" tests="3">
    <testcase classname=" check if Get Resources New works" name=" check if Get Resources New works" time="0.673">
    </testcase>
    <testcase classname=" check if Get Resources Free works" name=" check if Get Resources Free works" time="0.523">
    </testcase>
    <testcase classname=" check if Get Resources Premium works" name=" check if Get Resources Premium works" time="0.645">
    </testcase>
  </testsuite>
  <testsuite name="undefined" errors="0" failures="0" skipped="0" timestamp="2022-09-11T15:45:11" time="13.515" tests="8">
    <testcase classname=" check if get author" name=" check if get author" time="0.256">
    </testcase>
    <testcase classname=" check if get authors" name=" check if get authors" time="0.102">
    </testcase>
    <testcase classname=" check if can get author resources" name=" check if can get author resources" time="0.312">
    </testcase>
    <testcase classname=" check if works review class constructor" name=" check if works review class constructor" time="0.001">
    </testcase>
    <testcase classname=" check if works review message getter" name=" check if works review message getter" time="0.001">
    </testcase>
    <testcase classname=" check if can get author reviews" name=" check if can get author reviews" time="1.647">
    </testcase>
    <testcase classname=" check if invalid author returns null" name=" check if invalid author returns null" time="0.063">
    </testcase>
    <testcase classname=" Check APIERROR constructor" name=" Check APIERROR constructor" time="0.001">
    </testcase>
  </testsuite>
  <testsuite name="undefined" errors="0" failures="0" skipped="0" timestamp="2022-09-11T15:45:11" time="13.489" tests="7">
    <testcase classname=" api must be APIClient" name=" api must be APIClient" time="0.006">
    </testcase>
    <testcase classname=" check request works" name=" check request works" time="0.224">
    </testcase>
    <testcase classname=" check if params preparer works" name=" check if params preparer works" time="0.002">
    </testcase>
    <testcase classname=" check if catch of req works" name=" check if catch of req works" time="1.011">
    </testcase>
    <testcase classname=" check if completeResponse works" name=" check if completeResponse works" time="0.069">
    </testcase>
    <testcase classname=" check if GITHUB RELEASE DOWNLOAD works" name=" check if GITHUB RELEASE DOWNLOAD works" time="0.717">
    </testcase>
    <testcase classname=" check if GITHUB RELEASE DOWNLOAD ERROR works" name=" check if GITHUB RELEASE DOWNLOAD ERROR works" time="0.163">
    </testcase>
  </testsuite>
  <testsuite name="check if Resource Methods works" errors="0" failures="0" skipped="0" timestamp="2022-09-11T15:45:11" time="19.363" tests="15">
    <testcase classname="check if Resource Methods works check if resource is not null" name="check if Resource Methods works check if resource is not null" time="0.451">
    </testcase>
    <testcase classname="check if Resource Methods works check if GetDownloadURL Works" name="check if Resource Methods works check if GetDownloadURL Works" time="1.554">
    </testcase>
    <testcase classname="check if Resource Methods works check if resource reviews" name="check if Resource Methods works check if resource reviews" time="1.104">
    </testcase>
    <testcase classname="check if Resource Methods works check if resource updates" name="check if Resource Methods works check if resource updates" time="0.262">
    </testcase>
    <testcase classname="check if Resource Methods works check if resource update" name="check if Resource Methods works check if resource update" time="0.273">
    </testcase>
    <testcase classname="check if Resource Methods works check if resource invalid update returns null" name="check if Resource Methods works check if resource invalid update returns null" time="0.281">
    </testcase>
    <testcase classname="check if Resource Methods works check if resource versions" name="check if Resource Methods works check if resource versions" time="0.279">
    </testcase>
    <testcase classname="check if Resource Methods works check if resource version" name="check if Resource Methods works check if resource version" time="0.285">
    </testcase>
    <testcase classname="check if Resource Methods works check if resource description and links" name="check if Resource Methods works check if resource description and links" time="0.208">
    </testcase>
    <testcase classname="check if Resource Methods works check if getDownloadURL ResourceVersion works" name="check if Resource Methods works check if getDownloadURL ResourceVersion works" time="0.386">
    </testcase>
    <testcase classname=" check if getResources works" name=" check if getResources works" time="0.466">
    </testcase>
    <testcase classname=" check if getResources for version works" name=" check if getResources for version works" time="0.494">
    </testcase>
    <testcase classname=" check if message Review works" name=" check if message Review works" time="0">
    </testcase>
    <testcase classname=" check if dscription update works" name=" check if dscription update works" time="0">
    </testcase>
    <testcase classname=" check if Gets DOWNLOAD URL OF GITHUB RESOURCE works" name=" check if Gets DOWNLOAD URL OF GITHUB RESOURCE works" time="2.358">
    </testcase>
  </testsuite>
</testsuites>